╔════════════════════════════════════════════════════════════════╗
║          ATLAS SPHERE - COMPLETE TEST SUITE RUN               ║
║                    November 7, 2025                           ║
╚════════════════════════════════════════════════════════════════╝

▶ Testing atlas-sphere-runtime...
  ❌ BUILD FAILED

▶ Testing pallet-atlas-kernel...
  ✅ PASSED - test result: ok. 0 passed; 0 failed; 0 ignored; 0 measured; 0 filtered out; finished in 0.00s

▶ Testing atlas-evm-integration...
  ✅ PASSED - test result: ok. 0 passed; 0 failed; 0 ignored; 0 measured; 0 filtered out; finished in 0.00s

▶ Testing atlas-svm-integration...
  ✅ PASSED - test result: ok. 0 passed; 0 failed; 0 ignored; 0 measured; 0 filtered out; finished in 0.00s

▶ Testing x3-parser...
  ✅ PASSED - test result: ok. 0 passed; 0 failed; 0 ignored; 0 measured; 0 filtered out; finished in 0.00s

▶ Testing x3-semantics...
  ✅ PASSED - test result: ok. 0 passed; 0 failed; 1 ignored; 0 measured; 0 filtered out; finished in 0.00s

▶ Testing x3-typeck...
  ✅ PASSED - test result: ok. 0 passed; 0 failed; 1 ignored; 0 measured; 0 filtered out; finished in 0.00s

▶ Testing x3-mir...
  ✅ PASSED - test result: ok. 0 passed; 0 failed; 0 ignored; 0 measured; 0 filtered out; finished in 0.00s

▶ Testing x3-opt...
  ✅ PASSED - test result: ok. 0 passed; 0 failed; 2 ignored; 0 measured; 0 filtered out; finished in 0.00s

╔════════════════════════════════════════════════════════════════╗
║                     TEST SUITE RESULTS                        ║
╠════════════════════════════════════════════════════════════════╣
║                                                                ║
║  ✅ Passed: 8                                               ║
║  ❌ Failed: 1                                               ║
║                                                                ║
║  ⚠️  Some tests failed                                          ║
║                                                                ║
╚════════════════════════════════════════════════════════════════╝
